provinces = "locations.png"
rivers = "rivers.png"
topology = "heightmap.heightmap"
adjacencies = "adjacencies.csv"
setup = "definitions.txt"
ports = "ports.csv"
location_templates = "location_templates.txt"
equator_y = 3340
wrap_x = no

sea_zones = {
    bosporus_cimmerius
    delta_nili_0
    delta_nili_1
    fretum_artemisium
    fretum_carysteum
    fretum_diodorus
    fretum_gaditanum
    fretum_gallicum
    fretum_hydruntis
    fretum_melitense_0
    fretum_melitense_1
    fretum_melitense_2
    fretum_persarum
    fretum_siculum_0
    fretum_siculum_1
    fretum_siculum_2
    fretum_siculum_3
    fretum_siculum_4
    fretum_siculum_5
    gulf_of_kutch
    gulf_of_minnagara
    hellespontus
    lacus_flevo
    mare_aegaeum_0
    mare_aegaeum_1
    mare_aegaeum_2
    mare_aegaeum_3
    mare_aegaeum_4
    mare_aegaeum_5
    mare_aegaeum_6
    mare_aegaeum_7
    mare_aegaeum_8
    mare_aegyptium_0
    mare_aegyptium_1
    mare_aegyptium_10
    mare_aegyptium_11
    mare_aegyptium_12
    mare_aegyptium_13
    mare_aegyptium_14
    mare_aegyptium_15
    mare_aegyptium_16
    mare_aegyptium_17
    mare_aegyptium_18
    mare_aegyptium_19
    mare_aegyptium_2
    mare_aegyptium_20
    mare_aegyptium_21
    mare_aegyptium_22
    mare_aegyptium_23
    mare_aegyptium_3
    mare_aegyptium_4
    mare_aegyptium_5
    mare_aegyptium_6
    mare_aegyptium_7
    mare_aegyptium_8
    mare_aegyptium_9
    mare_balearium_0
    mare_balearium_1
    mare_balearium_2
    mare_balearium_3
    mare_balearium_4
    mare_britannicum_0
    mare_britannicum_1
    mare_britannicum_10
    mare_britannicum_11
    mare_britannicum_12
    mare_britannicum_13
    mare_britannicum_2
    mare_britannicum_3
    mare_britannicum_4
    mare_britannicum_5
    mare_britannicum_6
    mare_britannicum_7
    mare_britannicum_8
    mare_britannicum_9
    mare_cantabrum_0
    mare_cantabrum_1
    mare_cantabrum_10
    mare_cantabrum_11
    mare_cantabrum_12
    mare_cantabrum_13
    mare_cantabrum_14
    mare_cantabrum_15
    mare_cantabrum_16
    mare_cantabrum_17
    mare_cantabrum_18
    mare_cantabrum_19
    mare_cantabrum_2
    mare_cantabrum_20
    mare_cantabrum_21
    mare_cantabrum_22
    mare_cantabrum_3
    mare_cantabrum_4
    mare_cantabrum_5
    mare_cantabrum_6
    mare_cantabrum_7
    mare_cantabrum_8
    mare_cantabrum_9
    mare_carpathium
    mare_cilicium_0
    mare_cilicium_1
    mare_cilicium_2
    mare_creticum_0
    mare_creticum_1
    mare_creticum_2
    mare_creticum_3
    mare_eovium
    mare_erythraeum_0
    mare_erythraeum_1
    mare_erythraeum_10
    mare_erythraeum_100
    mare_erythraeum_101
    mare_erythraeum_102
    mare_erythraeum_103
    mare_erythraeum_104
    mare_erythraeum_105
    mare_erythraeum_106
    mare_erythraeum_107
    mare_erythraeum_108
    mare_erythraeum_109
    mare_erythraeum_11
    mare_erythraeum_110
    mare_erythraeum_111
    mare_erythraeum_112
    mare_erythraeum_113
    mare_erythraeum_114
    mare_erythraeum_115
    mare_erythraeum_116
    mare_erythraeum_117
    mare_erythraeum_118
    mare_erythraeum_119
    mare_erythraeum_12
    mare_erythraeum_120
    mare_erythraeum_121
    mare_erythraeum_122
    mare_erythraeum_123
    mare_erythraeum_124
    mare_erythraeum_125
    mare_erythraeum_126
    mare_erythraeum_127
    mare_erythraeum_128
    mare_erythraeum_129
    mare_erythraeum_13
    mare_erythraeum_130
    mare_erythraeum_131
    mare_erythraeum_132
    mare_erythraeum_133
    mare_erythraeum_134
    mare_erythraeum_135
    mare_erythraeum_136
    mare_erythraeum_137
    mare_erythraeum_138
    mare_erythraeum_14
    mare_erythraeum_15
    mare_erythraeum_16
    mare_erythraeum_17
    mare_erythraeum_18
    mare_erythraeum_19
    mare_erythraeum_2
    mare_erythraeum_20
    mare_erythraeum_21
    mare_erythraeum_22
    mare_erythraeum_23
    mare_erythraeum_24
    mare_erythraeum_25
    mare_erythraeum_26
    mare_erythraeum_27
    mare_erythraeum_28
    mare_erythraeum_29
    mare_erythraeum_3
    mare_erythraeum_30
    mare_erythraeum_31
    mare_erythraeum_32
    mare_erythraeum_33
    mare_erythraeum_34
    mare_erythraeum_35
    mare_erythraeum_36
    mare_erythraeum_37
    mare_erythraeum_38
    mare_erythraeum_39
    mare_erythraeum_4
    mare_erythraeum_40
    mare_erythraeum_41
    mare_erythraeum_42
    mare_erythraeum_43
    mare_erythraeum_44
    mare_erythraeum_45
    mare_erythraeum_46
    mare_erythraeum_47
    mare_erythraeum_48
    mare_erythraeum_49
    mare_erythraeum_5
    mare_erythraeum_50
    mare_erythraeum_51
    mare_erythraeum_52
    mare_erythraeum_53
    mare_erythraeum_54
    mare_erythraeum_55
    mare_erythraeum_56
    mare_erythraeum_57
    mare_erythraeum_58
    mare_erythraeum_59
    mare_erythraeum_6
    mare_erythraeum_60
    mare_erythraeum_61
    mare_erythraeum_62
    mare_erythraeum_63
    mare_erythraeum_64
    mare_erythraeum_65
    mare_erythraeum_66
    mare_erythraeum_67
    mare_erythraeum_68
    mare_erythraeum_69
    mare_erythraeum_7
    mare_erythraeum_70
    mare_erythraeum_71
    mare_erythraeum_72
    mare_erythraeum_73
    mare_erythraeum_74
    mare_erythraeum_75
    mare_erythraeum_76
    mare_erythraeum_77
    mare_erythraeum_78
    mare_erythraeum_79
    mare_erythraeum_8
    mare_erythraeum_80
    mare_erythraeum_81
    mare_erythraeum_82
    mare_erythraeum_83
    mare_erythraeum_84
    mare_erythraeum_85
    mare_erythraeum_86
    mare_erythraeum_87
    mare_erythraeum_88
    mare_erythraeum_89
    mare_erythraeum_9
    mare_erythraeum_90
    mare_erythraeum_91
    mare_erythraeum_92
    mare_erythraeum_93
    mare_erythraeum_94
    mare_erythraeum_95
    mare_erythraeum_96
    mare_erythraeum_97
    mare_erythraeum_98
    mare_erythraeum_99
    mare_germanicum_0
    mare_germanicum_1
    mare_germanicum_10
    mare_germanicum_11
    mare_germanicum_12
    mare_germanicum_13
    mare_germanicum_14
    mare_germanicum_15
    mare_germanicum_16
    mare_germanicum_17
    mare_germanicum_18
    mare_germanicum_19
    mare_germanicum_2
    mare_germanicum_20
    mare_germanicum_21
    mare_germanicum_22
    mare_germanicum_23
    mare_germanicum_24
    mare_germanicum_25
    mare_germanicum_3
    mare_germanicum_4
    mare_germanicum_5
    mare_germanicum_6
    mare_germanicum_7
    mare_germanicum_8
    mare_germanicum_9
    mare_gothicum_0
    mare_gothicum_1
    mare_gothicum_2
    mare_hibericum_0
    mare_hibericum_1
    mare_hibericum_10
    mare_hibericum_11
    mare_hibericum_12
    mare_hibericum_13
    mare_hibericum_14
    mare_hibericum_15
    mare_hibericum_16
    mare_hibericum_17
    mare_hibericum_18
    mare_hibericum_2
    mare_hibericum_3
    mare_hibericum_4
    mare_hibericum_5
    mare_hibericum_6
    mare_hibericum_7
    mare_hibericum_8
    mare_hibericum_9
    mare_hibernicum_0
    mare_hibernicum_1
    mare_hibernicum_10
    mare_hibernicum_11
    mare_hibernicum_12
    mare_hibernicum_2
    mare_hibernicum_3
    mare_hibernicum_4
    mare_hibernicum_5
    mare_hibernicum_6
    mare_hibernicum_7
    mare_hibernicum_8
    mare_hibernicum_9
    mare_icarium_0
    mare_icarium_1
    mare_icarium_2
    mare_icarium_3
    mare_internum_0
    mare_internum_1
    mare_internum_2
    mare_internum_3
    mare_internum_4
    mare_internum_5
    mare_ionium_0
    mare_ionium_1
    mare_ionium_10
    mare_ionium_11
    mare_ionium_12
    mare_ionium_13
    mare_ionium_14
    mare_ionium_15
    mare_ionium_16
    mare_ionium_17
    mare_ionium_18
    mare_ionium_2
    mare_ionium_3
    mare_ionium_4
    mare_ionium_5
    mare_ionium_6
    mare_ionium_7
    mare_ionium_8
    mare_ionium_9
    mare_libycum_0
    mare_libycum_1
    mare_libycum_10
    mare_libycum_11
    mare_libycum_12
    mare_libycum_13
    mare_libycum_14
    mare_libycum_15
    mare_libycum_16
    mare_libycum_17
    mare_libycum_18
    mare_libycum_19
    mare_libycum_2
    mare_libycum_20
    mare_libycum_3
    mare_libycum_4
    mare_libycum_5
    mare_libycum_6
    mare_libycum_7
    mare_libycum_8
    mare_libycum_9
    mare_ligusticum_0
    mare_ligusticum_1
    mare_ligusticum_2
    mare_ligusticum_3
    mare_ligusticum_4
    mare_lycium_0
    mare_lycium_1
    mare_lycium_2
    mare_lycium_3
    mare_lycium_4
    mare_myrtoum_0
    mare_myrtoum_1
    mare_orcadum
    mare_phoenicium_0
    mare_phoenicium_1
    mare_phoenicium_2
    mare_phoenicium_3
    mare_phoenicium_4
    mare_phoenicium_5
    mare_phoenicium_6
    mare_phoenicium_7
    mare_phoenicium_8
    mare_phoenicium_9
    mare_sardoum_0
    mare_sardoum_1
    mare_sardoum_10
    mare_sardoum_11
    mare_sardoum_12
    mare_sardoum_13
    mare_sardoum_14
    mare_sardoum_15
    mare_sardoum_2
    mare_sardoum_3
    mare_sardoum_4
    mare_sardoum_5
    mare_sardoum_6
    mare_sardoum_7
    mare_sardoum_8
    mare_sardoum_9
    mare_septentrionale_0
    mare_septentrionale_1
    mare_septentrionale_10
    mare_septentrionale_11
    mare_septentrionale_12
    mare_septentrionale_13
    mare_septentrionale_14
    mare_septentrionale_15
    mare_septentrionale_16
    mare_septentrionale_17
    mare_septentrionale_18
    mare_septentrionale_19
    mare_septentrionale_2
    mare_septentrionale_20
    mare_septentrionale_21
    mare_septentrionale_22
    mare_septentrionale_23
    mare_septentrionale_24
    mare_septentrionale_25
    mare_septentrionale_26
    mare_septentrionale_27
    mare_septentrionale_28
    mare_septentrionale_29
    mare_septentrionale_3
    mare_septentrionale_30
    mare_septentrionale_31
    mare_septentrionale_32
    mare_septentrionale_33
    mare_septentrionale_4
    mare_septentrionale_5
    mare_septentrionale_6
    mare_septentrionale_7
    mare_septentrionale_8
    mare_septentrionale_9
    mare_superum_0
    mare_superum_1
    mare_superum_10
    mare_superum_11
    mare_superum_12
    mare_superum_13
    mare_superum_14
    mare_superum_15
    mare_superum_16
    mare_superum_17
    mare_superum_2
    mare_superum_3
    mare_superum_4
    mare_superum_5
    mare_superum_6
    mare_superum_7
    mare_superum_8
    mare_superum_9
    mare_thracum_0
    mare_thracum_1
    mare_tyrrenum
    mare_tyrrhenum_0
    mare_tyrrhenum_1
    mare_tyrrhenum_10
    mare_tyrrhenum_11
    mare_tyrrhenum_12
    mare_tyrrhenum_13
    mare_tyrrhenum_14
    mare_tyrrhenum_15
    mare_tyrrhenum_16
    mare_tyrrhenum_17
    mare_tyrrhenum_18
    mare_tyrrhenum_19
    mare_tyrrhenum_2
    mare_tyrrhenum_3
    mare_tyrrhenum_4
    mare_tyrrhenum_5
    mare_tyrrhenum_6
    mare_tyrrhenum_7
    mare_tyrrhenum_8
    mare_tyrrhenum_9
    mare_verginium_0
    mare_verginium_1
    mare_verginium_10
    mare_verginium_11
    mare_verginium_12
    mare_verginium_13
    mare_verginium_14
    mare_verginium_15
    mare_verginium_16
    mare_verginium_17
    mare_verginium_18
    mare_verginium_2
    mare_verginium_3
    mare_verginium_4
    mare_verginium_5
    mare_verginium_6
    mare_verginium_7
    mare_verginium_8
    mare_verginium_9
    oceanus_atlanticus_0
    oceanus_atlanticus_1
    oceanus_atlanticus_10
    oceanus_atlanticus_11
    oceanus_atlanticus_12
    oceanus_atlanticus_13
    oceanus_atlanticus_14
    oceanus_atlanticus_15
    oceanus_atlanticus_16
    oceanus_atlanticus_17
    oceanus_atlanticus_18
    oceanus_atlanticus_19
    oceanus_atlanticus_2
    oceanus_atlanticus_20
    oceanus_atlanticus_21
    oceanus_atlanticus_22
    oceanus_atlanticus_23
    oceanus_atlanticus_24
    oceanus_atlanticus_25
    oceanus_atlanticus_26
    oceanus_atlanticus_27
    oceanus_atlanticus_28
    oceanus_atlanticus_29
    oceanus_atlanticus_3
    oceanus_atlanticus_30
    oceanus_atlanticus_31
    oceanus_atlanticus_32
    oceanus_atlanticus_33
    oceanus_atlanticus_34
    oceanus_atlanticus_35
    oceanus_atlanticus_36
    oceanus_atlanticus_37
    oceanus_atlanticus_38
    oceanus_atlanticus_39
    oceanus_atlanticus_4
    oceanus_atlanticus_40
    oceanus_atlanticus_41
    oceanus_atlanticus_42
    oceanus_atlanticus_43
    oceanus_atlanticus_44
    oceanus_atlanticus_45
    oceanus_atlanticus_46
    oceanus_atlanticus_47
    oceanus_atlanticus_48
    oceanus_atlanticus_49
    oceanus_atlanticus_5
    oceanus_atlanticus_50
    oceanus_atlanticus_51
    oceanus_atlanticus_52
    oceanus_atlanticus_53
    oceanus_atlanticus_54
    oceanus_atlanticus_55
    oceanus_atlanticus_56
    oceanus_atlanticus_57
    oceanus_atlanticus_58
    oceanus_atlanticus_59
    oceanus_atlanticus_6
    oceanus_atlanticus_60
    oceanus_atlanticus_61
    oceanus_atlanticus_62
    oceanus_atlanticus_63
    oceanus_atlanticus_64
    oceanus_atlanticus_65
    oceanus_atlanticus_66
    oceanus_atlanticus_67
    oceanus_atlanticus_68
    oceanus_atlanticus_69
    oceanus_atlanticus_7
    oceanus_atlanticus_8
    oceanus_atlanticus_9
    oceanus_sarmaticus_0
    oceanus_sarmaticus_1
    oceanus_sarmaticus_10
    oceanus_sarmaticus_11
    oceanus_sarmaticus_12
    oceanus_sarmaticus_13
    oceanus_sarmaticus_14
    oceanus_sarmaticus_15
    oceanus_sarmaticus_16
    oceanus_sarmaticus_17
    oceanus_sarmaticus_18
    oceanus_sarmaticus_19
    oceanus_sarmaticus_2
    oceanus_sarmaticus_20
    oceanus_sarmaticus_21
    oceanus_sarmaticus_22
    oceanus_sarmaticus_23
    oceanus_sarmaticus_24
    oceanus_sarmaticus_25
    oceanus_sarmaticus_26
    oceanus_sarmaticus_27
    oceanus_sarmaticus_28
    oceanus_sarmaticus_29
    oceanus_sarmaticus_3
    oceanus_sarmaticus_30
    oceanus_sarmaticus_31
    oceanus_sarmaticus_32
    oceanus_sarmaticus_33
    oceanus_sarmaticus_34
    oceanus_sarmaticus_4
    oceanus_sarmaticus_5
    oceanus_sarmaticus_6
    oceanus_sarmaticus_7
    oceanus_sarmaticus_8
    oceanus_sarmaticus_9
    pagasaeus_sinus
    palus_maeotica_0
    palus_maeotica_1
    palus_maeotica_2
    palus_maeotica_3
    palus_maeotica_4
    pontus_euxinus_0
    pontus_euxinus_1
    pontus_euxinus_10
    pontus_euxinus_11
    pontus_euxinus_12
    pontus_euxinus_13
    pontus_euxinus_14
    pontus_euxinus_15
    pontus_euxinus_16
    pontus_euxinus_17
    pontus_euxinus_18
    pontus_euxinus_19
    pontus_euxinus_2
    pontus_euxinus_20
    pontus_euxinus_21
    pontus_euxinus_22
    pontus_euxinus_23
    pontus_euxinus_24
    pontus_euxinus_25
    pontus_euxinus_26
    pontus_euxinus_27
    pontus_euxinus_28
    pontus_euxinus_29
    pontus_euxinus_3
    pontus_euxinus_30
    pontus_euxinus_31
    pontus_euxinus_32
    pontus_euxinus_33
    pontus_euxinus_34
    pontus_euxinus_35
    pontus_euxinus_36
    pontus_euxinus_37
    pontus_euxinus_38
    pontus_euxinus_39
    pontus_euxinus_4
    pontus_euxinus_40
    pontus_euxinus_41
    pontus_euxinus_42
    pontus_euxinus_43
    pontus_euxinus_5
    pontus_euxinus_6
    pontus_euxinus_7
    pontus_euxinus_8
    pontus_euxinus_9
    propontis
    prov2607_0
    prov2607_1
    prov652_0
    prov652_1
    prov653_0
    prov653_1
    rann_of_kutch_0
    rann_of_kutch_1
    sinus_adenensis_0
    sinus_adenensis_1
    sinus_adenensis_2
    sinus_adenensis_3
    sinus_adenensis_4
    sinus_adenensis_5
    sinus_adenensis_6
    sinus_adenensis_7
    sinus_arabicus_0
    sinus_arabicus_1
    sinus_arabicus_10
    sinus_arabicus_11
    sinus_arabicus_12
    sinus_arabicus_13
    sinus_arabicus_14
    sinus_arabicus_15
    sinus_arabicus_16
    sinus_arabicus_17
    sinus_arabicus_18
    sinus_arabicus_19
    sinus_arabicus_2
    sinus_arabicus_20
    sinus_arabicus_21
    sinus_arabicus_22
    sinus_arabicus_23
    sinus_arabicus_24
    sinus_arabicus_25
    sinus_arabicus_26
    sinus_arabicus_27
    sinus_arabicus_3
    sinus_arabicus_4
    sinus_arabicus_5
    sinus_arabicus_6
    sinus_arabicus_7
    sinus_arabicus_8
    sinus_arabicus_9
    sinus_argolicus
    sinus_corinthius
    sinus_gallicus_0
    sinus_gallicus_1
    sinus_gallicus_2
    sinus_gangeticus_0
    sinus_gangeticus_1
    sinus_gangeticus_10
    sinus_gangeticus_11
    sinus_gangeticus_12
    sinus_gangeticus_13
    sinus_gangeticus_14
    sinus_gangeticus_15
    sinus_gangeticus_16
    sinus_gangeticus_17
    sinus_gangeticus_18
    sinus_gangeticus_19
    sinus_gangeticus_2
    sinus_gangeticus_20
    sinus_gangeticus_21
    sinus_gangeticus_22
    sinus_gangeticus_23
    sinus_gangeticus_24
    sinus_gangeticus_25
    sinus_gangeticus_26
    sinus_gangeticus_27
    sinus_gangeticus_28
    sinus_gangeticus_29
    sinus_gangeticus_3
    sinus_gangeticus_30
    sinus_gangeticus_31
    sinus_gangeticus_32
    sinus_gangeticus_33
    sinus_gangeticus_34
    sinus_gangeticus_35
    sinus_gangeticus_36
    sinus_gangeticus_37
    sinus_gangeticus_38
    sinus_gangeticus_39
    sinus_gangeticus_4
    sinus_gangeticus_5
    sinus_gangeticus_6
    sinus_gangeticus_7
    sinus_gangeticus_8
    sinus_gangeticus_9
    sinus_genuensis
    sinus_heroopoliticus
    sinus_hipponensis
    sinus_laconicus
    sinus_liburnus_0
    sinus_liburnus_1
    sinus_malianus
    sinus_messenius
    sinus_neapolitanus
    sinus_paestanus
    sinus_patraicus
    sinus_persicus_0
    sinus_persicus_1
    sinus_persicus_10
    sinus_persicus_11
    sinus_persicus_12
    sinus_persicus_13
    sinus_persicus_2
    sinus_persicus_3
    sinus_persicus_4
    sinus_persicus_5
    sinus_persicus_6
    sinus_persicus_7
    sinus_persicus_8
    sinus_persicus_9
    sinus_sachalites
    sinus_saronicus
    sinus_sipontinus
    sinus_tarentinus
    sinus_thermaeus_0
    sinus_thermaeus_1
    sinus_uticensis
    sinus_veneticus_0
    sinus_veneticus_1
    syrtis_maior_0
    syrtis_maior_1
    syrtis_maior_2
    syrtis_maior_3
    syrtis_maior_4
    syrtis_minor
    unnamed_17
    unnamed_530
    unnamed_531
    unnamed_532
    unnamed_533
    unnamed_534
    unnamed_535
    unnamed_536
    unnamed_537
    unnamed_538
    unnamed_539
    unnamed_540
    unnamed_541
    unnamed_542
    unnamed_543
}

impassable_mountains = {
    abhiria
    abhiria_secunda
    abnoba_mons
    aetna_volcano
    agraeia
    alpes_carnicae
    alpes_cottiae
    alpes_graiae
    alpes_iuliae
    alpes_lepontinae
    alpes_maritimae
    alpes_noricae
    alpes_rhaeticae
    antilibanus_mons
    arabia_felix
    arachnaion_mons
    aragats_volcano
    ararat_volcano
    argaeus_mons_volcano
    argaios_mons_volcano
    arunachal
    arverni_highland
    aspromons
    atlas
    ausara_volcano
    bactrian_highland
    baglana
    bamni_volcano
    bargylus_mons
    bohaemeian_forest
    cadusian_highland
    caledonian_highland
    carmanian_highland
    carpathia_0
    carpathia_1
    carpathia_2
    caucasus_mons_volcano
    caucoenia
    chattisgarh
    cyrenaica
    dakshina_koshala
    dalmatia
    dalmatian_mountains
    dandakaranya
    desert_of_aswan
    desert_of_kharga
    desert_of_klysma
    desert_of_luxor
    desert_of_philoteris
    dirphys_mons
    eastern_gaetulia
    eastern_ghats
    eastern_musalamia
    farfara
    ferghanan_mountains
    fors
    gedrosia
    germanic_upland
    gondwana
    hadramut_desert
    hermon_mons
    himalayan_highland
    histria_mons
    iberia_mons_volcano
    ida_mons
    idaion_mons
    kadmons_mons
    kalingana
    karakoram
    karmanian_mountains
    kelishin
    kossioia
    leuka_mons
    libanus_mons
    lut
    mahria
    markaion_mons
    marudesa
    meghalaya
    mesogis_mons
    mesopotamian_desert
    methana_volcano
    mons_orospeda
    mons_pullinus
    multen
    nabatean_desert
    north_caledonian_mountains
    north_nilgiri
    oasis_parva
    olympus_mons
    omani_desert
    pactyan_desert
    palaiogonoi
    parecania
    parecaniana
    parnassus_mons
    parnes_mons
    pendactylos_mons
    puntic_highlands
    qaleh
    qarqar_volcano
    qumis_highland
    serrae
    sharhistan_desert
    sila
    sinai
    sindhian_mountains
    sipylos_mons
    siwi
    sogdian_mountains
    sogdian_steppe
    sophon_mons
    south_nilgiri
    strongyle_volcano
    sundarbans_0
    sundarbans_1
    syrian_desert_0
    syrian_desert_1
    talas_highland
    tarim
    tempsis_mons
    thule
    tmolus_mons
    troglodytica
    trogodos_mons
    troikon_oros
    unnamed_0
    unnamed_10
    unnamed_100
    unnamed_101
    unnamed_102
    unnamed_103
    unnamed_104
    unnamed_105
    unnamed_106
    unnamed_107
    unnamed_108
    unnamed_109
    unnamed_11
    unnamed_110
    unnamed_111
    unnamed_112
    unnamed_113
    unnamed_114
    unnamed_115
    unnamed_116
    unnamed_117
    unnamed_118
    unnamed_119
    unnamed_12
    unnamed_120
    unnamed_121
    unnamed_122
    unnamed_123
    unnamed_124
    unnamed_125
    unnamed_126
    unnamed_127
    unnamed_128
    unnamed_129
    unnamed_13
    unnamed_130
    unnamed_131
    unnamed_132
    unnamed_133
    unnamed_134
    unnamed_135
    unnamed_136
    unnamed_137
    unnamed_138
    unnamed_139
    unnamed_14
    unnamed_140
    unnamed_141
    unnamed_142
    unnamed_143
    unnamed_144
    unnamed_145
    unnamed_146
    unnamed_147
    unnamed_148
    unnamed_149
    unnamed_15
    unnamed_150
    unnamed_151
    unnamed_152
    unnamed_153
    unnamed_154
    unnamed_155
    unnamed_156
    unnamed_157
    unnamed_158
    unnamed_159
    unnamed_16
    unnamed_160
    unnamed_161
    unnamed_162
    unnamed_163
    unnamed_164
    unnamed_165
    unnamed_166
    unnamed_167
    unnamed_168
    unnamed_169
    unnamed_170
    unnamed_171
    unnamed_172
    unnamed_173
    unnamed_174
    unnamed_175
    unnamed_176
    unnamed_177
    unnamed_178
    unnamed_179
    unnamed_18
    unnamed_180
    unnamed_181
    unnamed_182
    unnamed_183
    unnamed_184
    unnamed_185
    unnamed_186
    unnamed_187
    unnamed_188
    unnamed_189
    unnamed_19
    unnamed_190
    unnamed_191
    unnamed_192
    unnamed_193
    unnamed_194
    unnamed_195
    unnamed_196
    unnamed_197
    unnamed_198
    unnamed_199
    unnamed_2
    unnamed_20
    unnamed_200
    unnamed_201
    unnamed_202
    unnamed_203
    unnamed_204
    unnamed_205
    unnamed_206
    unnamed_207
    unnamed_208
    unnamed_209
    unnamed_21
    unnamed_210
    unnamed_211
    unnamed_212
    unnamed_213
    unnamed_214
    unnamed_215
    unnamed_216
    unnamed_217
    unnamed_218
    unnamed_219
    unnamed_22
    unnamed_220
    unnamed_221
    unnamed_222
    unnamed_223
    unnamed_224
    unnamed_225
    unnamed_226
    unnamed_227
    unnamed_228
    unnamed_229
    unnamed_23
    unnamed_230
    unnamed_231
    unnamed_232
    unnamed_233
    unnamed_234
    unnamed_235
    unnamed_236
    unnamed_237
    unnamed_238
    unnamed_239
    unnamed_24
    unnamed_240
    unnamed_241
    unnamed_242
    unnamed_243
    unnamed_244
    unnamed_245
    unnamed_246
    unnamed_247
    unnamed_248
    unnamed_249
    unnamed_25
    unnamed_250
    unnamed_251
    unnamed_252
    unnamed_253
    unnamed_254
    unnamed_255
    unnamed_256
    unnamed_257
    unnamed_258
    unnamed_259
    unnamed_26
    unnamed_260
    unnamed_261
    unnamed_262
    unnamed_263
    unnamed_264
    unnamed_265
    unnamed_266
    unnamed_267
    unnamed_268
    unnamed_269
    unnamed_27
    unnamed_270
    unnamed_271
    unnamed_272
    unnamed_273
    unnamed_274
    unnamed_275
    unnamed_276
    unnamed_277
    unnamed_278
    unnamed_279
    unnamed_28
    unnamed_280
    unnamed_281
    unnamed_282
    unnamed_283
    unnamed_284
    unnamed_285
    unnamed_286
    unnamed_287
    unnamed_288
    unnamed_289
    unnamed_29
    unnamed_290
    unnamed_291
    unnamed_292
    unnamed_293
    unnamed_294
    unnamed_295
    unnamed_296
    unnamed_297
    unnamed_298
    unnamed_299
    unnamed_3
    unnamed_30
    unnamed_300
    unnamed_301
    unnamed_302
    unnamed_303
    unnamed_304
    unnamed_305
    unnamed_306
    unnamed_307
    unnamed_31
    unnamed_32
    unnamed_324
    unnamed_325
    unnamed_326
    unnamed_327
    unnamed_328
    unnamed_329
    unnamed_33
    unnamed_331
    unnamed_336
    unnamed_34
    unnamed_345
    unnamed_346
    unnamed_347
    unnamed_348
    unnamed_35
    unnamed_352
    unnamed_353
    unnamed_354
    unnamed_36
    unnamed_37
    unnamed_38
    unnamed_39
    unnamed_4
    unnamed_40
    unnamed_41
    unnamed_42
    unnamed_43
    unnamed_44
    unnamed_45
    unnamed_46
    unnamed_47
    unnamed_48
    unnamed_489
    unnamed_49
    unnamed_490
    unnamed_491
    unnamed_492
    unnamed_493
    unnamed_494
    unnamed_495
    unnamed_496
    unnamed_497
    unnamed_498
    unnamed_499
    unnamed_5
    unnamed_50
    unnamed_500
    unnamed_501
    unnamed_502
    unnamed_503
    unnamed_504
    unnamed_505
    unnamed_506
    unnamed_507
    unnamed_508
    unnamed_509
    unnamed_51
    unnamed_510
    unnamed_511
    unnamed_512
    unnamed_513
    unnamed_514
    unnamed_515
    unnamed_516
    unnamed_517
    unnamed_518
    unnamed_52
    unnamed_523
    unnamed_524
    unnamed_525
    unnamed_526
    unnamed_527
    unnamed_528
    unnamed_529
    unnamed_53
    unnamed_54
    unnamed_544
    unnamed_545
    unnamed_546
    unnamed_547
    unnamed_548
    unnamed_549
    unnamed_55
    unnamed_550
    unnamed_551
    unnamed_552
    unnamed_553
    unnamed_554
    unnamed_555
    unnamed_556
    unnamed_557
    unnamed_558
    unnamed_559
    unnamed_56
    unnamed_560
    unnamed_561
    unnamed_562
    unnamed_563
    unnamed_564
    unnamed_565
    unnamed_566
    unnamed_567
    unnamed_568
    unnamed_569
    unnamed_57
    unnamed_570
    unnamed_571
    unnamed_572
    unnamed_573
    unnamed_574
    unnamed_575
    unnamed_576
    unnamed_577
    unnamed_578
    unnamed_579
    unnamed_58
    unnamed_580
    unnamed_581
    unnamed_582
    unnamed_583
    unnamed_584
    unnamed_585
    unnamed_586
    unnamed_587
    unnamed_588
    unnamed_589
    unnamed_59
    unnamed_590
    unnamed_591
    unnamed_592
    unnamed_593
    unnamed_594
    unnamed_595
    unnamed_596
    unnamed_597
    unnamed_598
    unnamed_599
    unnamed_6
    unnamed_60
    unnamed_600
    unnamed_601
    unnamed_602
    unnamed_603
    unnamed_604
    unnamed_605
    unnamed_606
    unnamed_607
    unnamed_608
    unnamed_61
    unnamed_614
    unnamed_615
    unnamed_616
    unnamed_617
    unnamed_618
    unnamed_619
    unnamed_62
    unnamed_620
    unnamed_621
    unnamed_63
    unnamed_64
    unnamed_65
    unnamed_66
    unnamed_67
    unnamed_68
    unnamed_69
    unnamed_7
    unnamed_70
    unnamed_71
    unnamed_72
    unnamed_73
    unnamed_74
    unnamed_75
    unnamed_76
    unnamed_77
    unnamed_78
    unnamed_79
    unnamed_8
    unnamed_80
    unnamed_81
    unnamed_82
    unnamed_83
    unnamed_84
    unnamed_85
    unnamed_86
    unnamed_87
    unnamed_88
    unnamed_89
    unnamed_9
    unnamed_90
    unnamed_91
    unnamed_92
    unnamed_93
    unnamed_94
    unnamed_95
    unnamed_96
    unnamed_97
    unnamed_98
    unnamed_99
    upper_blue_nile
    upper_dardania
    upper_epirus
    upper_macedonia
    upper_terrai
    upper_thrace
    utian_plain
    vesuvius_volcano
    vindhya
    western_gaetulia
    western_musalamia
    zagros
}

non_ownable = {
    aguila
    akkum
    alania
    altinasar
    amanian_gates
    arabia_deserta_0
    arabia_deserta_1
    arabia_deserta_10
    arabia_deserta_11
    arabia_deserta_12
    arabia_deserta_13
    arabia_deserta_14
    arabia_deserta_15
    arabia_deserta_16
    arabia_deserta_17
    arabia_deserta_18
    arabia_deserta_19
    arabia_deserta_2
    arabia_deserta_20
    arabia_deserta_21
    arabia_deserta_22
    arabia_deserta_23
    arabia_deserta_24
    arabia_deserta_3
    arabia_deserta_4
    arabia_deserta_5
    arabia_deserta_6
    arabia_deserta_7
    arabia_deserta_8
    arabia_deserta_9
    arabia_deserta_ulterior
    arabia_relicta_0
    arabia_relicta_1
    arabia_relicta_2
    arabia_relicta_3
    arabia_relicta_4
    arabian_desert
    aral
    baraq
    besta
    birim
    boloustana_pass
    boot
    brili
    caspica
    chattisgarh_jungle
    cidamus
    cilician_gates
    commagenian_gates
    fennia
    garama
    gholaia
    gondogoro_pass_0
    gondogoro_pass_1
    gondogoro_pass_2
    great_kavir_0
    great_kavir_1
    hejaz
    high_atlas
    himalayan_highland
    iberian_gates
    inner_mauritania
    janaqala
    jaxartia
    jiddat_al_harasis
    karakoram
    kavir_desert_0
    kavir_desert_1
    khanus
    klukhor_pass
    koga
    kongyul
    koryi
    kupir
    lek
    lut_desert_0
    lut_desert_1
    maidankoga
    maidankuyryk
    mangyul_takmo_dzong
    maru_desert_0
    maru_desert_1
    masht
    maurian_plateau
    middle_atlas
    modra_pass
    mon_shampo
    pakpa
    palisha
    petra_pass
    pontic_steppe
    portae
    punt_desert_0
    punt_desert_1
    punt_desert_2
    punt_desert_3
    punt_desert_4
    punt_desert_5
    punt_desert_6
    punt_desert_7
    qala
    sarmatia
    sophon_pass
    sylvana
    syria_deserta
    syrian_gates_1
    taklamakan_0
    taklamakan_1
    taklamakan_2
    taklamakan_3
    taklamakan_4
    tempe_pass
    thenteos
    unnamed_1
    unnamed_17
    unnamed_308
    unnamed_309
    unnamed_310
    unnamed_311
    unnamed_312
    unnamed_313
    unnamed_314
    unnamed_315
    unnamed_316
    unnamed_317
    unnamed_318
    unnamed_319
    unnamed_320
    unnamed_321
    unnamed_322
    unnamed_323
    unnamed_324
    unnamed_325
    unnamed_326
    unnamed_327
    unnamed_328
    unnamed_329
    unnamed_330
    unnamed_331
    unnamed_332
    unnamed_333
    unnamed_334
    unnamed_335
    unnamed_337
    unnamed_338
    unnamed_339
    unnamed_340
    unnamed_341
    unnamed_342
    unnamed_343
    unnamed_344
    unnamed_349
    unnamed_350
    unnamed_351
    unnamed_355
    unnamed_357
    unnamed_488
    unnamed_530
    unnamed_531
    unnamed_532
    unnamed_533
    unnamed_534
    unnamed_535
    unnamed_536
    unnamed_537
    unnamed_538
    unnamed_539
    unnamed_540
    unnamed_541
    unnamed_542
    unnamed_543
    upper_terai
    yangikent
    zantak
    ziram
}

lakes = {
    apolloniatis
    arsissa
    ascania
    asphaltites
    benacus
    bolbe
    brigantinus
    brygeis_megale
    brygeis_mikra
    carallis
    dascylitis
    everdunensis
    fucinus
    gennesar_1
    kopais
    koroneia
    labeatis
    lemannus
    lychnitis
    mare_hyrcanum_0
    mare_hyrcanum_1
    mare_hyrcanum_10
    mare_hyrcanum_11
    mare_hyrcanum_12
    mare_hyrcanum_13
    mare_hyrcanum_14
    mare_hyrcanum_15
    mare_hyrcanum_16
    mare_hyrcanum_17
    mare_hyrcanum_18
    mare_hyrcanum_19
    mare_hyrcanum_2
    mare_hyrcanum_20
    mare_hyrcanum_21
    mare_hyrcanum_22
    mare_hyrcanum_23
    mare_hyrcanum_24
    mare_hyrcanum_25
    mare_hyrcanum_26
    mare_hyrcanum_27
    mare_hyrcanum_28
    mare_hyrcanum_29
    mare_hyrcanum_3
    mare_hyrcanum_30
    mare_hyrcanum_31
    mare_hyrcanum_4
    mare_hyrcanum_5
    mare_hyrcanum_6
    mare_hyrcanum_7
    mare_hyrcanum_8
    mare_hyrcanum_9
    matianus
    moeris
    pambotis
    pelsodis
    sabatinus
    tatta
    trasumennus
    trichonis
    unnamed_356
    unnamed_358
    unnamed_359
    unnamed_360
    unnamed_361
    unnamed_362
    unnamed_363
    unnamed_364
    unnamed_365
    unnamed_366
    unnamed_367
    unnamed_368
    unnamed_369
    unnamed_370
    unnamed_371
    unnamed_372
    unnamed_373
    unnamed_374
    unnamed_375
    unnamed_376
    unnamed_377
    unnamed_378
    unnamed_379
    unnamed_380
    unnamed_381
    unnamed_382
    unnamed_383
    unnamed_384
    unnamed_385
    unnamed_386
    unnamed_387
    unnamed_388
    unnamed_389
    unnamed_390
    unnamed_391
    unnamed_392
    unnamed_393
    unnamed_394
    unnamed_395
    unnamed_396
    unnamed_397
    unnamed_398
    unnamed_399
    unnamed_400
    unnamed_401
    unnamed_402
    unnamed_403
    unnamed_404
    unnamed_405
    unnamed_406
    unnamed_407
    unnamed_408
    unnamed_409
    unnamed_410
    unnamed_411
    unnamed_412
    unnamed_413
    unnamed_414
    unnamed_415
    unnamed_416
    unnamed_417
    unnamed_418
    unnamed_419
    unnamed_420
    unnamed_421
    unnamed_422
    unnamed_423
    unnamed_424
    unnamed_425
    unnamed_426
    unnamed_427
    unnamed_428
    unnamed_429
    unnamed_430
    unnamed_431
    unnamed_432
    unnamed_433
    unnamed_434
    unnamed_435
    unnamed_436
    unnamed_437
    unnamed_438
    unnamed_439
    unnamed_440
    unnamed_441
    unnamed_442
    unnamed_443
    unnamed_444
    unnamed_445
    unnamed_446
    unnamed_447
    unnamed_448
    unnamed_449
    unnamed_450
    unnamed_451
    unnamed_452
    unnamed_453
    unnamed_454
    unnamed_455
    unnamed_456
    unnamed_457
    unnamed_458
    unnamed_459
    unnamed_460
    unnamed_461
    unnamed_462
    unnamed_463
    unnamed_464
    unnamed_465
    unnamed_466
    unnamed_467
    unnamed_468
    unnamed_469
    unnamed_470
    unnamed_471
    unnamed_472
    unnamed_473
    unnamed_474
    unnamed_475
    unnamed_476
    unnamed_477
    unnamed_478
    unnamed_479
    unnamed_480
    unnamed_481
    unnamed_482
    unnamed_483
    unnamed_484
    unnamed_485
    unnamed_486
    unnamed_487
    unnamed_519
    unnamed_520
    unnamed_521
    unnamed_522
    unnamed_609
    unnamed_610
    unnamed_611
    unnamed_612
    unnamed_613
    volsinii
}

river_provinces = {
    abus
    albis_0
    albis_1
    albis_2
    albis_3
    albis_4
    baetis_0
    baetis_1
    borysthenes_0
    borysthenes_1
    borysthenes_2
    borysthenes_3
    borysthenes_4
    borysthenes_5
    borysthenes_6
    borysthenes_7
    borysthenes_8
    borysthenes_9
    canal_of_the_pharaohs_0
    canal_of_the_pharaohs_1
    canal_of_the_pharaohs_2
    canal_of_the_pharaohs_3
    canal_of_the_pharaohs_4
    canal_of_the_pharaohs_5
    cydnus
    dyardanes_0
    dyardanes_1
    dyardanes_2
    echedoros
    euphrates_0
    euphrates_1
    euphrates_2
    euphrates_3
    euphrates_4
    flumen_anas_0
    flumen_anas_1
    ganges_0
    ganges_1
    ganges_10
    ganges_11
    ganges_12
    ganges_13
    ganges_14
    ganges_15
    ganges_16
    ganges_17
    ganges_2
    ganges_3
    ganges_4
    ganges_5
    ganges_6
    ganges_7
    ganges_8
    ganges_9
    garumna_0
    garumna_1
    iberus_0
    iberus_1
    iberus_2
    indus_0
    indus_1
    indus_2
    indus_3
    indus_4
    indus_5
    indus_6
    indus_7
    indus_8
    ister_0
    ister_1
    ister_2
    ister_3
    ister_4
    ister_5
    ister_6
    ister_7
    ister_8
    ister_9
    lacus_ligustinus
    liger_0
    liger_1
    liger_2
    liger_3
    nile
    nile_the_bolbitine_0
    nile_the_bolbitine_1
    nile_the_bolbitine_2
    nile_the_bolbitine_3
    nile_the_bolbitine_4
    nile_the_pelusiac_0
    nile_the_pelusiac_1
    nile_the_pelusiac_2
    nile_the_pelusiac_3
    nile_the_pelusiac_4
    nile_the_phatnitic_0
    nile_the_phatnitic_1
    nile_the_phatnitic_2
    nile_the_phatnitic_3
    nile_the_phatnitic_4
    padus_0
    padus_1
    padus_2
    padus_3
    padus_4
    prov7741
    pyramus_0
    pyramus_1
    rha_0
    rha_1
    rha_2
    rhenus_0
    rhenus_1
    rhenus_2
    rhenus_3
    rhenus_4
    rhenus_5
    rhenus_6
    rhenus_7
    rhodanus
    sequana_0
    sequana_1
    sequana_2
    tagus_0
    tagus_1
    tagus_2
    tagus_3
    tamesis
    tanais_1
    tanais_2
    tanais_3
    tanais_4
    tanais_5
    tigris_0
    tigris_1
    tigris_2
    tigris_3
    tigris_4
    tigris_5
    tigris_6
    tigris_7
    tyras_1
    tyras_2
    tyras_3
}

