provinces = "locations.png"
rivers = "rivers.png"
topology = "heightmap.heightmap"
adjacencies = "adjacencies.csv"
setup = "definitions.txt"
ports = "ports.csv"
location_templates = "location_templates.txt"
equator_y = 3340
wrap_x = no

sea_zones = {
    _9
    impassible_sea
    lake_113
    lake_128
    lake_129
    mare_myrtoum_0
    mare_myrtoum_1
    pagasaeus_sinus
    pontus_euxinus
    s_0
    s_1
    s_10
    s_11
    s_12
    s_13
    s_14
    s_15
    s_16
    s_17
    s_18
    s_19
    s_2
    s_20
    s_21
    s_22
    s_23
    s_24
    s_25
    s_26
    s_27
    s_28
    s_29
    s_3
    s_4
    s_5
    s_6
    s_7
    s_8
    s_9
    sea_0
    sea_1
    sea_10
    sea_100
    sea_101
    sea_102
    sea_103
    sea_104
    sea_105
    sea_106
    sea_107
    sea_108
    sea_109
    sea_11
    sea_110
    sea_111
    sea_112
    sea_113
    sea_114
    sea_115
    sea_116
    sea_117
    sea_118
    sea_119
    sea_12
    sea_120
    sea_121
    sea_122
    sea_123
    sea_124
    sea_125
    sea_126
    sea_127
    sea_128
    sea_129
    sea_13
    sea_130
    sea_131
    sea_132
    sea_133
    sea_134
    sea_135
    sea_136
    sea_137
    sea_138
    sea_139
    sea_14
    sea_140
    sea_141
    sea_142
    sea_143
    sea_144
    sea_145
    sea_146
    sea_147
    sea_148
    sea_149
    sea_15
    sea_150
    sea_151
    sea_152
    sea_153
    sea_154
    sea_155
    sea_156
    sea_157
    sea_158
    sea_159
    sea_16
    sea_160
    sea_161
    sea_162
    sea_163
    sea_164
    sea_165
    sea_166
    sea_167
    sea_168
    sea_169
    sea_17
    sea_170
    sea_171
    sea_172
    sea_173
    sea_174
    sea_175
    sea_176
    sea_177
    sea_178
    sea_179
    sea_18
    sea_180
    sea_181
    sea_182
    sea_183
    sea_184
    sea_185
    sea_186
    sea_187
    sea_188
    sea_189
    sea_19
    sea_190
    sea_191
    sea_192
    sea_193
    sea_194
    sea_195
    sea_196
    sea_197
    sea_198
    sea_199
    sea_2
    sea_20
    sea_200
    sea_201
    sea_202
    sea_203
    sea_204
    sea_205
    sea_206
    sea_207
    sea_208
    sea_209
    sea_21
    sea_210
    sea_211
    sea_212
    sea_213
    sea_214
    sea_215
    sea_216
    sea_217
    sea_218
    sea_219
    sea_22
    sea_220
    sea_221
    sea_222
    sea_223
    sea_224
    sea_225
    sea_226
    sea_227
    sea_228
    sea_229
    sea_23
    sea_230
    sea_231
    sea_232
    sea_233
    sea_234
    sea_235
    sea_236
    sea_237
    sea_238
    sea_239
    sea_24
    sea_240
    sea_241
    sea_242
    sea_243
    sea_244
    sea_245
    sea_246
    sea_247
    sea_248
    sea_249
    sea_25
    sea_250
    sea_251
    sea_252
    sea_253
    sea_254
    sea_255
    sea_256
    sea_257
    sea_258
    sea_259
    sea_26
    sea_260
    sea_261
    sea_262
    sea_263
    sea_264
    sea_265
    sea_266
    sea_267
    sea_268
    sea_269
    sea_27
    sea_270
    sea_271
    sea_272
    sea_273
    sea_274
    sea_275
    sea_276
    sea_277
    sea_278
    sea_279
    sea_28
    sea_280
    sea_281
    sea_282
    sea_283
    sea_284
    sea_285
    sea_286
    sea_287
    sea_288
    sea_289
    sea_29
    sea_290
    sea_291
    sea_292
    sea_293
    sea_294
    sea_295
    sea_296
    sea_297
    sea_298
    sea_299
    sea_3
    sea_30
    sea_300
    sea_301
    sea_302
    sea_303
    sea_304
    sea_305
    sea_306
    sea_307
    sea_308
    sea_309
    sea_31
    sea_310
    sea_311
    sea_312
    sea_313
    sea_314
    sea_315
    sea_316
    sea_317
    sea_318
    sea_319
    sea_32
    sea_320
    sea_321
    sea_322
    sea_323
    sea_324
    sea_325
    sea_326
    sea_327
    sea_328
    sea_329
    sea_33
    sea_330
    sea_331
    sea_332
    sea_333
    sea_334
    sea_335
    sea_336
    sea_337
    sea_338
    sea_339
    sea_34
    sea_340
    sea_341
    sea_342
    sea_343
    sea_344
    sea_345
    sea_346
    sea_347
    sea_348
    sea_349
    sea_35
    sea_350
    sea_351
    sea_352
    sea_353
    sea_354
    sea_355
    sea_356
    sea_357
    sea_358
    sea_359
    sea_36
    sea_360
    sea_361
    sea_362
    sea_363
    sea_364
    sea_365
    sea_366
    sea_367
    sea_368
    sea_369
    sea_37
    sea_370
    sea_371
    sea_372
    sea_373
    sea_374
    sea_375
    sea_376
    sea_377
    sea_378
    sea_379
    sea_38
    sea_380
    sea_381
    sea_382
    sea_383
    sea_384
    sea_385
    sea_386
    sea_387
    sea_388
    sea_389
    sea_39
    sea_390
    sea_391
    sea_392
    sea_393
    sea_394
    sea_395
    sea_396
    sea_397
    sea_398
    sea_399
    sea_4
    sea_40
    sea_400
    sea_401
    sea_402
    sea_403
    sea_404
    sea_405
    sea_406
    sea_407
    sea_408
    sea_409
    sea_41
    sea_410
    sea_411
    sea_412
    sea_413
    sea_414
    sea_415
    sea_416
    sea_417
    sea_418
    sea_419
    sea_42
    sea_420
    sea_421
    sea_422
    sea_423
    sea_424
    sea_425
    sea_426
    sea_427
    sea_428
    sea_429
    sea_43
    sea_430
    sea_431
    sea_432
    sea_433
    sea_434
    sea_435
    sea_436
    sea_437
    sea_438
    sea_439
    sea_44
    sea_440
    sea_441
    sea_442
    sea_443
    sea_444
    sea_445
    sea_446
    sea_447
    sea_448
    sea_449
    sea_45
    sea_450
    sea_451
    sea_452
    sea_453
    sea_454
    sea_455
    sea_456
    sea_457
    sea_458
    sea_459
    sea_46
    sea_460
    sea_461
    sea_462
    sea_463
    sea_464
    sea_465
    sea_466
    sea_467
    sea_468
    sea_469
    sea_47
    sea_470
    sea_471
    sea_472
    sea_473
    sea_474
    sea_475
    sea_476
    sea_477
    sea_478
    sea_479
    sea_48
    sea_480
    sea_481
    sea_482
    sea_483
    sea_484
    sea_485
    sea_486
    sea_49
    sea_5
    sea_50
    sea_51
    sea_519
    sea_52
    sea_520
    sea_521
    sea_522
    sea_523
    sea_524
    sea_525
    sea_526
    sea_527
    sea_528
    sea_529
    sea_53
    sea_530
    sea_531
    sea_532
    sea_533
    sea_534
    sea_535
    sea_536
    sea_537
    sea_538
    sea_539
    sea_54
    sea_540
    sea_541
    sea_542
    sea_543
    sea_544
    sea_545
    sea_546
    sea_547
    sea_548
    sea_549
    sea_55
    sea_550
    sea_551
    sea_552
    sea_553
    sea_554
    sea_555
    sea_556
    sea_557
    sea_558
    sea_559
    sea_56
    sea_560
    sea_561
    sea_562
    sea_563
    sea_564
    sea_565
    sea_566
    sea_567
    sea_568
    sea_569
    sea_57
    sea_570
    sea_571
    sea_572
    sea_573
    sea_574
    sea_575
    sea_576
    sea_577
    sea_578
    sea_579
    sea_58
    sea_580
    sea_581
    sea_582
    sea_583
    sea_584
    sea_585
    sea_586
    sea_587
    sea_588
    sea_589
    sea_59
    sea_590
    sea_591
    sea_592
    sea_593
    sea_594
    sea_595
    sea_596
    sea_597
    sea_598
    sea_599
    sea_6
    sea_60
    sea_600
    sea_601
    sea_602
    sea_603
    sea_604
    sea_605
    sea_606
    sea_607
    sea_608
    sea_609
    sea_61
    sea_610
    sea_611
    sea_612
    sea_613
    sea_614
    sea_615
    sea_616
    sea_617
    sea_618
    sea_619
    sea_62
    sea_620
    sea_621
    sea_622
    sea_623
    sea_624
    sea_625
    sea_626
    sea_627
    sea_628
    sea_629
    sea_63
    sea_630
    sea_631
    sea_632
    sea_633
    sea_634
    sea_635
    sea_636
    sea_637
    sea_638
    sea_639
    sea_64
    sea_640
    sea_641
    sea_642
    sea_643
    sea_644
    sea_645
    sea_646
    sea_647
    sea_648
    sea_649
    sea_65
    sea_650
    sea_651
    sea_652
    sea_653
    sea_654
    sea_655
    sea_656
    sea_657
    sea_658
    sea_659
    sea_66
    sea_660
    sea_661
    sea_662
    sea_663
    sea_664
    sea_665
    sea_666
    sea_667
    sea_668
    sea_669
    sea_67
    sea_670
    sea_671
    sea_672
    sea_673
    sea_674
    sea_675
    sea_676
    sea_677
    sea_678
    sea_679
    sea_68
    sea_680
    sea_681
    sea_682
    sea_683
    sea_684
    sea_685
    sea_686
    sea_687
    sea_688
    sea_689
    sea_69
    sea_690
    sea_691
    sea_692
    sea_693
    sea_694
    sea_695
    sea_696
    sea_697
    sea_698
    sea_699
    sea_7
    sea_70
    sea_700
    sea_701
    sea_702
    sea_703
    sea_704
    sea_705
    sea_706
    sea_707
    sea_708
    sea_709
    sea_71
    sea_710
    sea_711
    sea_712
    sea_713
    sea_714
    sea_715
    sea_716
    sea_717
    sea_718
    sea_719
    sea_72
    sea_720
    sea_721
    sea_722
    sea_723
    sea_724
    sea_725
    sea_726
    sea_727
    sea_728
    sea_729
    sea_73
    sea_730
    sea_731
    sea_732
    sea_733
    sea_734
    sea_735
    sea_736
    sea_737
    sea_738
    sea_739
    sea_74
    sea_740
    sea_741
    sea_742
    sea_743
    sea_744
    sea_745
    sea_746
    sea_747
    sea_748
    sea_749
    sea_75
    sea_750
    sea_751
    sea_752
    sea_753
    sea_754
    sea_755
    sea_756
    sea_757
    sea_758
    sea_759
    sea_76
    sea_760
    sea_761
    sea_77
    sea_78
    sea_79
    sea_8
    sea_80
    sea_81
    sea_82
    sea_83
    sea_84
    sea_85
    sea_86
    sea_87
    sea_88
    sea_89
    sea_9
    sea_90
    sea_91
    sea_92
    sea_93
    sea_94
    sea_95
    sea_96
    sea_97
    sea_98
    sea_99
    seazone_impassable_wasteland_0
    seazone_impassable_wasteland_1
    seazone_impassable_wasteland_10
    seazone_impassable_wasteland_11
    seazone_impassable_wasteland_12
    seazone_impassable_wasteland_2
    seazone_impassable_wasteland_3
    seazone_impassable_wasteland_4
    seazone_impassable_wasteland_5
    seazone_impassable_wasteland_6
    seazone_impassable_wasteland_7
    seazone_impassable_wasteland_8
    seazone_impassable_wasteland_9
    sinus_arabicus_0
    sinus_arabicus_1
    sinus_corinthus
    sinus_heroopoliticus_0
    sinus_heroopoliticus_1
    sinus_malianus
    sinus_nigrum
    sinus_patraius
}

wasteland = {
    _2
    _9
    aguila
    alanian_steppe
    arabia_deserta_ulterior
    arabian_desert
    arabian_impassable_2
    arabian_impassable_3
    arabian_impassable_4
    arabian_impassable_5
    arabian_impassable_6
    arabian_impassable_7
    aral
    arunachal_impassable
    badakshan_impassable
    baltic_coast_impassable
    bhutanese_impassable
    burma_impassable
    caspian_steppe
    china_impassable
    east_mauretania
    european_steppe_impassable
    even_more_steppes_impassable
    fennia
    finland_impassable
    gaetuli_impassable
    garamantes_impassable
    garamantian_sahara_0
    garamantian_sahara_1
    gholaia
    hejaz
    impassible_sea
    masht
    mauri_impassable
    maurian_plateau
    middle_atlas_0
    more_middle_atlas_0
    more_steppe_impassable
    musulami_impassable
    nepalese_impassable_0
    nepalese_impassable_1
    nepalese_impassable_2
    nepalese_impassable_3
    nepalese_impassable_4
    northern_baltic_coast_impassable
    norwegian_impassable
    nubian_impassable_0
    nubian_impassable_1
    pamir_impassable
    polish_impassable
    pontic_steppe
    pontic_steppe_impassable
    russian_impassable
    ruthenian_impassable
    sahara_impassable
    sarmatia
    seazone_impassable_wasteland_0
    seazone_impassable_wasteland_1
    seazone_impassable_wasteland_10
    seazone_impassable_wasteland_11
    seazone_impassable_wasteland_12
    seazone_impassable_wasteland_2
    seazone_impassable_wasteland_3
    seazone_impassable_wasteland_4
    seazone_impassable_wasteland_5
    seazone_impassable_wasteland_6
    seazone_impassable_wasteland_7
    seazone_impassable_wasteland_8
    seazone_impassable_wasteland_9
    somalian_impassable
    steppe_impassable
    sudanese_impassable
    swedish_impassable
    sylvana
    syrian_desert_0
    talzemt
    thenteos
    tibetan_plateau_impassable
    west_mauretania
    west_nile_impassable
}

impassable_terrain = {
    _3
    _4
    _5
    _6
    _7
    _8
    adada_mountains
    adrasos_mountains
    akmoneia_mountains
    alabanda_mountains
    alinda_mountains
    amaseia_mountains
    analibna_mountains
    antilibanus_mons
    apollonia_mons
    arabian_impassable_0
    arabian_impassable_1
    arachnaion_mons
    arasaxa_mountains
    argaios_mons
    artiknous_mountains
    arunachal
    arunachal_impassable
    aspendos_mountains
    badakshan_impassable
    baka_mons
    bargylus_mons
    bessemium_septentrionalis
    bhutanese_impassable
    bithynion_mountains
    carpathian_impassable
    central_british_impassable_0
    central_british_impassable_1
    central_british_impassable_2
    central_british_impassable_3
    chattisgarh
    chorasbia_mountains
    cithaeron_mons
    corax_mons
    cyprus_mons
    cyrenaica
    dakshina_koshala
    danae_mountains
    dandakaranya
    diokleion_mons
    dirphys_mons
    dorylaion_mons
    egyptian_desert_0
    egyptian_desert_1
    eriza_mons
    eriza_mountains
    etenna_mountains
    euagina_mountains
    eukarpia_mons
    eulepa_mountains
    even_more_riff
    gauraina_mountains
    gedrosia
    gondwana
    gordioukome_mountains
    halikarnassos_mountains
    harrat_khaybar
    hermon_mons
    hyllarima_mountains
    hyssa_mountains
    ida_mons
    ikonion_mountains
    impassable_0
    impassable_1
    impassable_10
    impassable_11
    impassable_12
    impassable_13
    impassable_14
    impassable_15
    impassable_16
    impassable_17
    impassable_18
    impassable_19
    impassable_2
    impassable_20
    impassable_3
    impassable_4
    impassable_5
    impassable_6
    impassable_7
    impassable_8
    impassable_9
    impassible_terrain_000
    impassible_terrain_001
    impassible_terrain_002
    impassible_terrain_003
    impassible_terrain_004
    impassible_terrain_005
    impassible_terrain_006
    impassible_terrain_007
    impassible_terrain_008
    impassible_terrain_009
    impassible_terrain_010
    impassible_terrain_011
    impassible_terrain_012
    impassible_terrain_013
    impassible_terrain_014
    impassible_terrain_015
    impassible_terrain_016
    impassible_terrain_017
    impassible_terrain_018
    impassible_terrain_019
    impassible_terrain_021
    impassible_terrain_022
    impassible_terrain_023
    impassible_terrain_024
    impassible_terrain_025
    impassible_terrain_026
    impassible_terrain_027
    impassible_terrain_028
    impassible_terrain_029
    impassible_terrain_030
    impassible_terrain_031
    impassible_terrain_032
    impassible_terrain_033
    impassible_terrain_034
    impassible_terrain_035
    impassible_terrain_036
    impassible_terrain_037
    impassible_terrain_038
    impassible_terrain_039
    impassible_terrain_040
    impassible_terrain_041
    impassible_terrain_042
    impassible_terrain_043
    impassible_terrain_044
    impassible_terrain_045
    impassible_terrain_046
    impassible_terrain_047
    impassible_terrain_048
    impassible_terrain_049
    impassible_terrain_050
    impassible_terrain_051
    impassible_terrain_052
    impassible_terrain_053
    impassible_terrain_054
    impassible_terrain_055
    impassible_terrain_056
    impassible_terrain_057
    impassible_terrain_058
    impassible_terrain_059
    impassible_terrain_060
    impassible_terrain_061
    impassible_terrain_062
    impassible_terrain_063
    impassible_terrain_064
    impassible_terrain_065
    impassible_terrain_066
    impassible_terrain_067
    impassible_terrain_068
    impassible_terrain_069
    impassible_terrain_070
    impassible_terrain_071
    impassible_terrain_072
    impassible_terrain_073
    impassible_terrain_074
    impassible_terrain_075
    impassible_terrain_076
    impassible_terrain_077
    impassible_terrain_078
    impassible_terrain_079
    impassible_terrain_080
    impassible_terrain_081
    impassible_terrain_082
    impassible_terrain_083
    impassible_terrain_084
    impassible_terrain_085
    impassible_terrain_086
    impassible_terrain_087
    impassible_terrain_088
    impassible_terrain_089
    impassible_terrain_090
    impassible_terrain_091
    impassible_terrain_092
    impassible_terrain_093
    impassible_terrain_094
    impassible_terrain_095
    impassible_terrain_096
    impassible_terrain_097
    impassible_terrain_098
    impassible_terrain_099
    impassible_terrain_100
    impassible_terrain_101
    impassible_terrain_102
    impassible_terrain_103
    impassible_terrain_104
    impassible_terrain_105
    impassible_terrain_106
    impassible_terrain_107
    impassible_terrain_108
    impassible_terrain_109
    impassible_terrain_110
    impassible_terrain_111
    impassible_terrain_112
    impassible_terrain_113
    impassible_terrain_114
    impassible_terrain_115
    impassible_terrain_116
    impassible_terrain_117
    impassible_terrain_118
    impassible_terrain_119
    impassible_terrain_120
    impassible_terrain_121
    impassible_terrain_122
    impassible_terrain_123
    impassible_terrain_124
    impassible_terrain_125
    impassible_terrain_126
    impassible_terrain_127
    impassible_terrain_128
    impassible_terrain_129
    impassible_terrain_130
    impassible_terrain_131
    impassible_terrain_132
    impassible_terrain_133
    impassible_terrain_134
    impassible_terrain_135
    impassible_terrain_136
    impassible_terrain_137
    impassible_terrain_138
    impassible_terrain_139
    impassible_terrain_140
    impassible_terrain_141
    impassible_terrain_142
    impassible_terrain_143
    impassible_terrain_144
    impassible_terrain_145
    impassible_terrain_146
    impassible_terrain_147
    impassible_terrain_148
    impassible_terrain_149
    impassible_terrain_150
    impassible_terrain_151
    impassible_terrain_152
    impassible_terrain_153
    impassible_terrain_154
    impassible_terrain_155
    impassible_terrain_156
    impassible_terrain_157
    impassible_terrain_158
    impassible_terrain_159
    impassible_terrain_160
    impassible_terrain_161
    impassible_terrain_162
    impassible_terrain_163
    impassible_terrain_164
    impassible_terrain_165
    impassible_terrain_166
    impassible_terrain_167
    impassible_terrain_168
    impassible_terrain_169
    impassible_terrain_170
    impassible_terrain_171
    impassible_terrain_172
    impassible_terrain_173
    impassible_terrain_174
    impassible_terrain_175
    impassible_terrain_176
    impassible_terrain_177
    impassible_terrain_178
    impassible_terrain_179
    impassible_terrain_180
    impassible_terrain_181
    impassible_terrain_182
    impassible_terrain_183
    impassible_terrain_184
    impassible_terrain_185
    impassible_terrain_186
    impassible_terrain_187
    impassible_terrain_188
    impassible_terrain_189
    impassible_terrain_190
    impassible_terrain_191
    impassible_terrain_192
    impassible_terrain_193
    impassible_terrain_194
    impassible_terrain_195
    impassible_terrain_196
    impassible_terrain_197
    impassible_terrain_198
    impassible_terrain_199
    impassible_terrain_200
    impassible_terrain_201
    impassible_terrain_202
    impassible_terrain_203
    impassible_terrain_204
    impassible_terrain_205
    impassible_terrain_206
    impassible_terrain_207
    impassible_terrain_208
    impassible_terrain_209
    impassible_terrain_210
    impassible_terrain_211
    impassible_terrain_212
    impassible_terrain_213
    impassible_terrain_214
    impassible_terrain_215
    impassible_terrain_216
    impassible_terrain_217
    impassible_terrain_218
    impassible_terrain_219
    impassible_terrain_220
    impassible_terrain_221
    impassible_terrain_222
    impassible_terrain_223
    impassible_terrain_224
    impassible_terrain_225
    impassible_terrain_226
    impassible_terrain_227
    impassible_terrain_228
    impassible_terrain_229
    impassible_terrain_230
    impassible_terrain_231
    impassible_terrain_232
    impassible_terrain_233
    impassible_terrain_234
    impassible_terrain_235
    impassible_terrain_236
    impassible_terrain_237
    impassible_terrain_238
    impassible_terrain_239
    impassible_terrain_240
    impassible_terrain_241
    impassible_terrain_242
    impassible_terrain_243
    impassible_terrain_244
    impassible_terrain_245
    impassible_terrain_246
    impassible_terrain_247
    impassible_terrain_248
    impassible_terrain_249
    impassible_terrain_250
    impassible_terrain_251
    impassible_terrain_252
    impassible_terrain_254_0
    impassible_terrain_254_1
    impassible_terrain_255
    impassible_terrain_256
    impassible_terrain_257
    impassible_terrain_258
    impassible_terrain_259
    impassible_terrain_260
    impassible_terrain_261
    impassible_terrain_262
    impassible_terrain_263
    impassible_terrain_264
    impassible_terrain_265
    impassible_terrain_266
    impassible_terrain_267
    impassible_terrain_268
    impassible_terrain_269
    impassible_terrain_270
    impassible_terrain_271
    impassible_terrain_272
    impassible_terrain_273
    impassible_terrain_274
    impassible_terrain_275
    impassible_terrain_276
    impassible_terrain_277
    impassible_terrain_278
    impassible_terrain_279
    impassible_terrain_280
    impassible_terrain_281
    impassible_terrain_282
    impassible_terrain_283
    impassible_terrain_284
    impassible_terrain_285
    impassible_terrain_286
    impassible_terrain_287
    impassible_terrain_288
    impassible_terrain_289
    impassible_terrain_290
    impassible_terrain_291
    impassible_terrain_292
    impassible_terrain_293
    impassible_terrain_294
    impassible_terrain_295
    impassible_terrain_296
    impassible_terrain_297
    impassible_terrain_298
    impassible_terrain_299
    ip_301
    ip_302
    ip_303
    ip_304
    ip_305
    ip_306
    ip_307
    ip_308
    ip_309
    ip_310
    ip_311
    ip_312
    ip_313
    ip_314
    ip_315
    ip_316
    ip_317
    ip_318
    ip_319
    ip_320
    ip_321
    ip_322
    ip_323
    ip_324
    ip_325
    ip_326
    ip_327
    ip_328
    ip_329
    ip_330
    ip_331
    ip_332
    ip_333
    ip_334
    ip_335
    ip_336
    ip_337
    ip_338
    ip_339
    ip_340
    ip_341
    ip_342
    ip_343
    ip_344
    ip_345
    ip_346
    ip_347
    ip_348
    ip_349
    ip_350
    ip_351
    ip_352
    ip_353
    ip_354
    ip_355
    ip_356
    ip_357
    ip_358
    ip_359
    ip_360
    ip_361
    ip_362
    ip_363
    ip_364
    ip_365
    ip_366
    ip_367
    ip_368
    ip_369
    ip_370
    ip_371
    ip_372
    ip_373
    ip_374
    ip_375
    ip_376
    ip_377
    ip_378
    ip_379
    ip_380
    ip_381
    ip_382
    ip_383
    ip_385
    ip_386
    ip_387
    ip_388
    ip_389
    ip_390
    kabeira_mountains
    kadmons_mons
    kadyanda_mountains
    kalingana
    kandara_mountains
    karakum_dessert_impassable
    karnalis_mountains
    kiskikos_mountains
    klaneios_mountains
    kokousos_mountains
    koubina_mountains
    kranaos_mountains
    krateia_mountains
    kretopolis_mountains
    leuka_mons
    libanus_mons_yammune
    lysinoe_mountains
    lystra_mountains
    markaion_mons
    markash_mountains
    marudesa_0
    marudesa_1
    marudesa_2
    meghalaya
    men_mountains
    mesogis_mons
    methana
    middle_atlas_1
    miletopolis_mons
    mordaion_mons
    more_egyptian_desert
    more_libyan_desert_0
    more_libyan_desert_1
    more_middle_atlas_1
    more_riff
    mount_ida
    nabatean_desert
    nepalese_impassable_0
    nepalese_impassable_1
    nepalese_impassable_2
    nepalese_impassable_3
    nepalese_impassable_4
    nymphaios_mountains
    oenodanda_mountains
    olympus_mons
    ouarsapa_mountains
    pamir_impassable
    parecania
    parecaniana
    parnassus_mons
    parthenia_mountains
    pedachthoe_mountains
    pergamon_mountains
    pergamon_mountains_2
    perrhe_mountains
    pisingara_mountains
    pteria_mountains
    pythopolis_mountains
    qarqar
    riff
    sardis_mountains
    sermousa_mountains
    sesamos_mountains
    silandos_mountains
    sinope_mountains
    sipylos_mons
    siwi
    smyrna_mountains
    sophon_mons
    south_nabatean_desert
    strongyle
    sultan_mountains
    sundarbans
    sundarbans_wasteland
    synaios_mountains
    synaos_mons
    synnada_mountains_0
    synnada_mountains_1
    syrian_desert_1
    telmessos_mountains
    tempsis_mons
    tlos_mountains
    tmolus_mons
    tralleis_mountains
    transyvlanian_impassable
    trapezous_mountains
    trogodos_mons
    uninhabitable_13
    uninhabitable_14
    vesuvius
    wasteland_0
    wasteland_1
    xanthos_mountains
}

uninhabitable = {
    akkum
    altinasar
    amanian_gates
    baraq
    besta
    birim
    boot
    brili
    cilician_gates_1
    commagean_gates
    iberian_gates__porta_caucasica
    janaqala
    jaxartia
    khanus
    klukhor_pass
    koga
    kongyul
    koryi
    kupir
    lek
    maidankoga
    maidankuyryk
    mangyul_takmo_dzong
    modra_pass
    mon_shampo
    pakpa
    palisha
    pass_0
    pass_1
    pass_10
    pass_11
    pass_12
    pass_13
    pass_14
    pass_15
    pass_16
    pass_17
    pass_18
    pass_19
    pass_2
    pass_20
    pass_3
    pass_4
    pass_5
    pass_6
    pass_7
    pass_8
    pass_9
    petra_pass
    portae
    qala
    samti_0
    sophon_pass
    syrian_gates_1
    tempe_pass
    uninhabitable_0
    uninhabitable_10
    uninhabitable_11
    uninhabitable_12
    uninhabitable_15
    uninhabitable_16
    uninhabitable_17
    uninhabitable_18
    uninhabitable_19
    uninhabitable_2
    uninhabitable_20
    uninhabitable_21
    uninhabitable_22
    uninhabitable_23
    uninhabitable_24
    uninhabitable_25
    uninhabitable_26
    uninhabitable_27
    uninhabitable_28
    uninhabitable_29
    uninhabitable_3
    uninhabitable_30
    uninhabitable_31
    uninhabitable_32
    uninhabitable_33
    uninhabitable_34
    uninhabitable_35
    uninhabitable_36
    uninhabitable_37
    uninhabitable_38
    uninhabitable_39
    uninhabitable_4
    uninhabitable_40
    uninhabitable_5
    uninhabitable_7
    uninhabitable_8
    volustana_pass
    yangikent
    zantak
    ziram
}

lakes = {
    aksehir
    barata_lake
    eblu
    fayyum_oasis
    homonadeis_lake
    lacus_sabatinus
    lake_0
    lake_1
    lake_10
    lake_100
    lake_101
    lake_102
    lake_103
    lake_104
    lake_105
    lake_106
    lake_107
    lake_108
    lake_109
    lake_11
    lake_110
    lake_111
    lake_112
    lake_114
    lake_115
    lake_116
    lake_117
    lake_118
    lake_119
    lake_12
    lake_120
    lake_121
    lake_122
    lake_123
    lake_124
    lake_125
    lake_126
    lake_127
    lake_13
    lake_130
    lake_131
    lake_132
    lake_133
    lake_134
    lake_135
    lake_136
    lake_137
    lake_138
    lake_139
    lake_14
    lake_140
    lake_141
    lake_142
    lake_143
    lake_144
    lake_145
    lake_146
    lake_147
    lake_148
    lake_149
    lake_15
    lake_150
    lake_151
    lake_152
    lake_153
    lake_154
    lake_155
    lake_156
    lake_157
    lake_158
    lake_159
    lake_16
    lake_160
    lake_161
    lake_162
    lake_163
    lake_164
    lake_17
    lake_18
    lake_19
    lake_2
    lake_20
    lake_21
    lake_22
    lake_23
    lake_24
    lake_25
    lake_26
    lake_27
    lake_28
    lake_29
    lake_3
    lake_30
    lake_31
    lake_32
    lake_33
    lake_34
    lake_35
    lake_36
    lake_37
    lake_38
    lake_39
    lake_4
    lake_40
    lake_41
    lake_42
    lake_43
    lake_44
    lake_45
    lake_46
    lake_47
    lake_48
    lake_49
    lake_5
    lake_50
    lake_51
    lake_52
    lake_53
    lake_54
    lake_55
    lake_56
    lake_57
    lake_58
    lake_59
    lake_6
    lake_60
    lake_61
    lake_62
    lake_63
    lake_64
    lake_65
    lake_66
    lake_67
    lake_68
    lake_69
    lake_7
    lake_70
    lake_71
    lake_72
    lake_74
    lake_75
    lake_76
    lake_77
    lake_78
    lake_79
    lake_8
    lake_80
    lake_81
    lake_82
    lake_83
    lake_84
    lake_85
    lake_86
    lake_87
    lake_88
    lake_89
    lake_9
    lake_90
    lake_91
    lake_92
    lake_93
    lake_94
    lake_95
    lake_96
    lake_97
    lake_98
    lake_99
    mazaka_lake
    sea_487
    sea_488
    sea_489
    sea_490
    sea_491
    sea_492
    sea_493
    sea_494
    sea_495
    sea_496
    sea_497
    sea_498
    sea_499
    sea_500
    sea_501
    sea_502
    sea_503
    sea_504
    sea_505
    sea_506
    sea_507
    sea_508
    sea_509
    sea_510
    sea_511
    sea_512
    sea_513
    sea_514
    sea_515
    sea_516
    sea_517
    sea_518
}

river_provinces = {
    albis_0
    albis_1
    albis_2
    albis_3
    albis_4
    baetis_0
    baetis_1
    borysthenes_0
    borysthenes_1
    borysthenes_2
    borysthenes_3
    borysthenes_4
    borysthenes_5
    borysthenes_6
    borysthenes_7
    borysthenes_8
    borysthenes_9
    cydnus
    dyardanes_0
    dyardanes_1
    dyardanes_2
    flumen_anas_0
    flumen_anas_1
    ganges_0
    ganges_1
    ganges_2
    ganges_3
    ganges_4
    ganges_5
    ganges_6
    ganges_7
    ganges_8
    ganges_9
    garumna_0
    garumna_1
    garumna_2
    hull
    iberus_0
    iberus_1
    iberus_2
    ister_0
    ister_1
    ister_2
    ister_3
    ister_4
    ister_5
    ister_6
    ister_7
    ister_8
    ister_9
    lake_73
    liger_0
    liger_1
    liger_2
    liger_3
    po_0
    po_1
    po_2
    po_3
    po_4
    pyramos_0
    pyramos_1
    rha_0
    rha_1
    rha_2
    rhodanus
    river_0
    river_1
    river_10
    river_11
    river_12
    river_13
    river_14
    river_15
    river_16
    river_17
    river_18
    river_19
    river_2
    river_20
    river_21
    river_22
    river_23
    river_24
    river_25
    river_26
    river_27
    river_28
    river_29
    river_3
    river_30
    river_31
    river_32
    river_33
    river_34
    river_35
    river_36
    river_37
    river_38
    river_39
    river_4
    river_40
    river_41
    river_42
    river_43
    river_44
    river_45
    river_46
    river_47
    river_48
    river_49
    river_5
    river_50
    river_51
    river_52
    river_53
    river_54
    river_55
    river_56
    river_57
    river_58
    river_59
    river_6
    river_7
    river_8
    river_9
    sea_762
    sequana_0
    sequana_1
    sequana_2
    tagus_0
    tagus_1
    tagus_2
    tagus_3
    tanais_1
    tanais_2
    tanais_3
    tanais_4
    tanais_5
    thames
    tyras_1
    tyras_2
    tyras_3
}

